collect_list_baseline: {
  "effects": {
    "async_pending": false,
    "debug": false,
    "mem": false,
    "mutating": false
  },
  "kind": "list",
  "markers": {
    "finish": 1,
    "mem_reservation": 0,
    "reserve": 0
  },
  "stage": {
    "actual": "stable",
    "capability": "core.collector.list",
    "kind": "list",
    "required": {
      "mode": "exact",
      "stage": "stable"
    },
    "source": "ListCollector::finish"
  },
  "value": [
    1,
    2,
    3
  ]
}
collect_vec_mem_reservation: {
  "effects": {
    "async_pending": false,
    "debug": false,
    "mem": true,
    "mutating": true
  },
  "kind": "vec",
  "markers": {
    "finish": 1,
    "mem_reservation": 4,
    "reserve": 2
  },
  "stage": {
    "actual": "beta",
    "capability": "core.collector.vec",
    "kind": "vec",
    "required": {
      "mode": "at_least",
      "stage": "beta"
    },
    "source": "VecCollector::finish"
  },
  "value": [
    10,
    20,
    30
  ]
}
collect_map_duplicate: {
  "code": "core.prelude.collector_failed",
  "domain": "runtime",
  "severity": "error",
  "message": "MapCollector failed: duplicate key: \"dup\"",
  "extensions": {
    "prelude.collector": {
      "kind": "map",
      "stage_required": "beta",
      "stage_mode": "at_least",
      "stage_actual": "beta",
      "stage_mismatch": false,
      "capability": "core.collector.map",
      "source": "MapCollector::push",
      "effects": {
        "mem": false,
        "mut": false,
        "debug": false,
        "async_pending": false
      },
      "markers": {
        "mem_reservation": 0,
        "reserve": 0,
        "finish": 0
      }
    },
    "error_key": "\"dup\"",
    "error_kind": "duplicate_key",
    "message": "duplicate key: \"dup\""
  },
  "audit": {
    "collector.kind": "map",
    "collector.stage.required": "beta",
    "collector.stage.mode": "at_least",
    "collector.stage.actual": "beta",
    "collector.stage.mismatch": false,
    "collector.stage.source": "MapCollector::push",
    "collector.capability": "core.collector.map",
    "collector.effect.mem": false,
    "collector.effect.mut": false,
    "collector.effect.debug": false,
    "collector.effect.async_pending": false,
    "collector.effect.mem_reservation": 0,
    "collector.effect.reserve": 0,
    "collector.effect.finish": 0,
    "collector.error.key": "\"dup\""
  }
}
collect_set_stage: {
  "effects": {
    "async_pending": false,
    "debug": false,
    "mem": false,
    "mutating": false
  },
  "kind": "set",
  "markers": {
    "finish": 1,
    "mem_reservation": 0,
    "reserve": 0
  },
  "stage": {
    "actual": "stable",
    "capability": "core.collector.set",
    "kind": "set",
    "required": {
      "mode": "exact",
      "stage": "stable"
    },
    "source": "SetCollector::finish"
  },
  "value": [
    1,
    3,
    5
  ]
}
collect_string_invalid: {
  "code": "core.prelude.collector_failed",
  "domain": "runtime",
  "severity": "error",
  "message": "StringCollector failed: invalid UTF-8 byte 0x28 at offset 1 (expected continuation byte in 0x80..=0xBF)",
  "extensions": {
    "prelude.collector": {
      "kind": "string",
      "stage_required": "beta",
      "stage_mode": "at_least",
      "stage_actual": "beta",
      "stage_mismatch": false,
      "capability": "core.collector.string",
      "source": "StringCollector::push",
      "effects": {
        "mem": true,
        "mut": true,
        "debug": false,
        "async_pending": false
      },
      "markers": {
        "mem_reservation": 0,
        "reserve": 0,
        "finish": 0
      }
    },
    "error_kind": "invalid_encoding",
    "message": "invalid UTF-8 byte 0x28 at offset 1 (expected continuation byte in 0x80..=0xBF)",
    "detail": "byte=0x28; offset=1"
  },
  "audit": {
    "collector.kind": "string",
    "collector.stage.required": "beta",
    "collector.stage.mode": "at_least",
    "collector.stage.actual": "beta",
    "collector.stage.mismatch": false,
    "collector.stage.source": "StringCollector::push",
    "collector.capability": "core.collector.string",
    "collector.effect.mem": true,
    "collector.effect.mut": true,
    "collector.effect.debug": false,
    "collector.effect.async_pending": false,
    "collector.effect.mem_reservation": 0,
    "collector.effect.reserve": 0,
    "collector.effect.finish": 0
  }
}
