collect_list_baseline: {
  "kind": "list",
  "stage": {
    "required": {
      "mode": "exact",
      "stage": "stable"
    },
    "actual": "stable",
    "capability": "core.collector.list",
    "kind": "list",
    "source": "ListCollector::finish"
  },
  "effects": {
    "mem": false,
    "mutating": false,
    "debug": false,
    "async_pending": false
  },
  "markers": {
    "mem_reservation": 0,
    "reserve": 0,
    "finish": 1
  },
  "value": [
    1,
    2,
    3
  ]
}
collect_vec_mem_reservation: {
  "kind": "vec",
  "stage": {
    "required": {
      "mode": "at_least",
      "stage": "beta"
    },
    "actual": "beta",
    "capability": "core.collector.vec",
    "kind": "vec",
    "source": "VecCollector::finish"
  },
  "effects": {
    "mem": true,
    "mutating": true,
    "debug": false,
    "async_pending": false
  },
  "markers": {
    "mem_reservation": 4,
    "reserve": 2,
    "finish": 1
  },
  "value": [
    10,
    20,
    30
  ]
}
