{
  "diagnostics": [
    {
      "code": "effects.contract.residual_leak",
      "severity": "error",
      "domain": "型システム",
      "message": "残余効果が閉じていません",
      "notes": [
        "`panic` のハンドラが宣言されていないためステージ検証に失敗しました"
      ],
      "location": {
        "file": "effectful_sum.reml",
        "line": 1,
        "column": 1,
        "endLine": 1,
        "endColumn": 1
      },
      "extensions": {
        "effects": {
          "declared": [
            "io"
          ],
          "residual": {
            "missing": [
              "panic"
            ],
            "leaked_from": "fn demo"
          },
          "stage": {
            "required": "stable",
            "actual": "stable"
          },
          "stage_trace": [
            {
              "source": "cli_option",
              "stage": null,
              "note": "not provided"
            },
            {
              "source": "env_var",
              "stage": null,
              "note": "REMLC_EFFECT_STAGE not set"
            },
            {
              "source": "typer",
              "stage": "stable",
              "capability": null
            },
            {
              "source": "runtime",
              "stage": "stable",
              "capability": "core.runtime"
            },
            {
              "source": "capability_json",
              "stage": "stable",
              "file": "tooling/runtime/capabilities/default.json"
            }
          ]
        }
      },
      "audit": {
        "effect.stage.required": "stable",
        "effect.stage.actual": "stable",
        "effect.capability": "",
        "effect.residual.tags": [
          "panic"
        ],
        "stage_trace": [
          {
            "source": "typer",
            "stage": "stable"
          },
          {
            "source": "runtime",
            "stage": "stable"
          }
        ]
      }
    }
  ]
}
