{
  "diagnostics": [
    {
      "severity": "error",
      "message": "構文エラー: 入力を解釈できません",
      "schema_version": "2.0.0-draft",
      "location": {
        "file": "parser-example.reml",
        "line": 3,
        "column": 12,
        "endLine": 3,
        "endColumn": 12
      },
      "code": "parser.expected_token",
      "codes": [ "parser.expected_token", "parser.recovery.pending" ],
      "domain": "parser",
      "timestamp": "1970-01-01T00:00:00Z",
      "extensions": {
        "parse": {
          "input_name": "parser-example.reml",
          "stage_trace": [],
          "parser_id": {
            "namespace": "menhir",
            "name": "compilation_unit",
            "ordinal": 0,
            "origin": "static",
            "fingerprint": "859967339"
          }
        },
        "diagnostic.v2": {
          "timestamp": "1970-01-01T00:00:00Z",
          "codes": [ "parser.expected_token", "parser.recovery.pending" ]
        },
        "effect.required_capabilities": [],
        "effect.stage.required_capabilities": [],
        "effect.actual_capabilities": [],
        "effect.stage.actual_capabilities": [],
        "effect.capabilities": [],
        "runconfig": {
          "packrat": false,
          "left_recursion": "auto",
          "trace": false,
          "merge_warnings": true,
          "require_eof": false,
          "legacy_result": false,
          "experimental_effects": false,
          "extensions": {
            "stream": {
              "enabled": false,
              "checkpoint": "unspecified",
              "resume_hint": "unspecified",
              "demand_min_bytes": 0,
              "demand_preferred_bytes": 0,
              "chunk_size": 0,
              "flow": {
                "policy": "auto",
                "backpressure": { "max_lag_bytes": 0 }
              }
            },
            "recover": { "sync_tokens": [], "notes": false },
            "lex": {
              "profile": "strict_json",
              "identifier_profile": "unicode"
            }
          }
        }
      },
      "audit_metadata": {
        "parse.input_name": "parser-example.reml",
        "parser.expected.alternatives": 3,
        "parser.core.rule.namespace": "menhir",
        "parser.core.rule.name": "compilation_unit",
        "parser.core.rule.ordinal": 0,
        "parser.core.rule.origin": "static",
        "parser.core.rule.fingerprint": "859967339",
        "event.kind": "parser.expected_token",
        "event.domain": "parser",
        "cli.audit_id": "cli/19700101T000000Z#0",
        "audit.policy.version": "phase2.5.audit.v1",
        "audit.channel": "cli",
        "audit.build_id": "19700101T000000Z",
        "audit.sequence": 0,
        "audit.source.workspace": ".",
        "cli.change_set": {
          "policy": "phase2.5.audit.v1",
          "origin": "cli",
          "source": {
            "build_id": "19700101T000000Z",
            "workspace": ".",
            "sequence": 0
          },
          "items": [ { "kind": "input", "path": "parser-example.reml" } ]
        },
        "schema.version": "1.1",
        "audit.timestamp": "1970-01-01T00:00:00Z",
        "effect.required_capabilities": [],
        "effect.stage.required_capabilities": [],
        "effect.actual_capabilities": [],
        "effect.stage.actual_capabilities": [],
        "effect.capabilities": [],
        "parser.runconfig.extensions.stream.chunk_size": 0,
        "parser.runconfig.extensions.stream.demand_preferred_bytes": 0,
        "parser.runconfig.extensions.stream.demand_min_bytes": 0,
        "parser.runconfig.extensions.stream.resume_hint": "unspecified",
        "parser.runconfig.extensions.stream.checkpoint": "unspecified",
        "parser.runconfig.extensions.stream.enabled": false,
        "parser.runconfig.extensions.stream": {
          "enabled": false,
          "checkpoint": "unspecified",
          "resume_hint": "unspecified",
          "demand_min_bytes": 0,
          "demand_preferred_bytes": 0,
          "chunk_size": 0,
          "flow": {
            "policy": "auto",
            "backpressure": { "max_lag_bytes": 0 }
          }
        },
        "parser.runconfig.extensions.recover.sync_tokens": [],
        "parser.runconfig.extensions.recover.notes": false,
        "parser.runconfig.extensions.recover": {
          "sync_tokens": [],
          "notes": false
        },
        "parser.runconfig.extensions.lex.identifier_profile": "unicode",
        "parser.runconfig.extensions.lex.profile": "strict_json",
        "parser.runconfig.extensions.lex": {
          "profile": "strict_json",
          "identifier_profile": "unicode"
        },
        "parser.runconfig.experimental_effects": false,
        "parser.runconfig.legacy_result": false,
        "parser.runconfig.require_eof": false,
        "parser.runconfig.merge_warnings": true,
        "parser.runconfig.trace": false,
        "parser.runconfig.left_recursion": "auto",
        "parser.runconfig.packrat": false,
        "parser.runconfig": {
          "packrat": false,
          "left_recursion": "auto",
          "trace": false,
          "merge_warnings": true,
          "require_eof": false,
          "legacy_result": false,
          "experimental_effects": false,
          "extensions": {
            "stream": {
              "enabled": false,
              "checkpoint": "unspecified",
              "resume_hint": "unspecified",
              "demand_min_bytes": 0,
              "demand_preferred_bytes": 0,
              "chunk_size": 0,
              "flow": {
                "policy": "auto",
                "backpressure": { "max_lag_bytes": 0 }
              }
            },
            "recover": { "sync_tokens": [], "notes": false },
            "lex": {
              "profile": "strict_json",
              "identifier_profile": "unicode"
            }
          }
        },
        "parser.core.rule": {
          "fingerprint": "859967339",
          "origin": "static",
          "ordinal": 0,
          "name": "compilation_unit",
          "namespace": "menhir"
        },
        "parser": {
          "core": {
            "rule": {
              "fingerprint": "859967339",
              "origin": "static",
              "ordinal": 0,
              "name": "compilation_unit",
              "namespace": "menhir"
            }
          }
        }
      },
      "audit": {
        "metadata": {
          "parser": {
            "core": {
              "rule": {
                "fingerprint": "859967339",
                "origin": "static",
                "ordinal": 0,
                "name": "compilation_unit",
                "namespace": "menhir"
              }
            }
          },
          "parser.core.rule": {
            "fingerprint": "859967339",
            "origin": "static",
            "ordinal": 0,
            "name": "compilation_unit",
            "namespace": "menhir"
          },
          "parser.runconfig": {
            "packrat": false,
            "left_recursion": "auto",
            "trace": false,
            "merge_warnings": true,
            "require_eof": false,
            "legacy_result": false,
            "experimental_effects": false,
            "extensions": {
              "stream": {
                "enabled": false,
                "checkpoint": "unspecified",
                "resume_hint": "unspecified",
                "demand_min_bytes": 0,
                "demand_preferred_bytes": 0,
                "chunk_size": 0,
                "flow": {
                  "policy": "auto",
                  "backpressure": { "max_lag_bytes": 0 }
                }
              },
              "recover": { "sync_tokens": [], "notes": false },
              "lex": {
                "profile": "strict_json",
                "identifier_profile": "unicode"
              }
            }
          },
          "parser.runconfig.packrat": false,
          "parser.runconfig.left_recursion": "auto",
          "parser.runconfig.trace": false,
          "parser.runconfig.merge_warnings": true,
          "parser.runconfig.require_eof": false,
          "parser.runconfig.legacy_result": false,
          "parser.runconfig.experimental_effects": false,
          "parser.runconfig.extensions.lex": {
            "profile": "strict_json",
            "identifier_profile": "unicode"
          },
          "parser.runconfig.extensions.lex.profile": "strict_json",
          "parser.runconfig.extensions.lex.identifier_profile": "unicode",
          "parser.runconfig.extensions.recover": {
            "sync_tokens": [],
            "notes": false
          },
          "parser.runconfig.extensions.recover.notes": false,
          "parser.runconfig.extensions.recover.sync_tokens": [],
          "parser.runconfig.extensions.stream": {
            "enabled": false,
            "checkpoint": "unspecified",
            "resume_hint": "unspecified",
            "demand_min_bytes": 0,
            "demand_preferred_bytes": 0,
            "chunk_size": 0,
            "flow": {
              "policy": "auto",
              "backpressure": { "max_lag_bytes": 0 }
            }
          },
          "parser.runconfig.extensions.stream.enabled": false,
          "parser.runconfig.extensions.stream.checkpoint": "unspecified",
          "parser.runconfig.extensions.stream.resume_hint": "unspecified",
          "parser.runconfig.extensions.stream.demand_min_bytes": 0,
          "parser.runconfig.extensions.stream.demand_preferred_bytes": 0,
          "parser.runconfig.extensions.stream.chunk_size": 0,
          "effect.capabilities": [],
          "effect.stage.actual_capabilities": [],
          "effect.actual_capabilities": [],
          "effect.stage.required_capabilities": [],
          "effect.required_capabilities": [],
          "cli.change_set": {
            "policy": "phase2.5.audit.v1",
            "origin": "cli",
            "source": {
              "build_id": "19700101T000000Z",
              "workspace": ".",
              "sequence": 0
            },
            "items": [ { "kind": "input", "path": "parser-example.reml" } ]
          },
          "audit.source.workspace": ".",
          "audit.sequence": 0,
          "audit.build_id": "19700101T000000Z",
          "audit.channel": "cli",
          "audit.policy.version": "phase2.5.audit.v1",
          "cli.audit_id": "cli/19700101T000000Z#0",
          "event.domain": "parser",
          "event.kind": "parser.expected_token",
          "parser.core.rule.fingerprint": "859967339",
          "parser.core.rule.origin": "static",
          "parser.core.rule.ordinal": 0,
          "parser.core.rule.name": "compilation_unit",
          "parser.core.rule.namespace": "menhir",
          "parser.expected.alternatives": 3,
          "parse.input_name": "parser-example.reml",
          "audit.timestamp": "1970-01-01T00:00:00Z",
          "schema.version": "1.1"
        },
        "audit_id": "cli/19700101T000000Z#0",
        "change_set": {
          "policy": "phase2.5.audit.v1",
          "origin": "cli",
          "source": {
            "build_id": "19700101T000000Z",
            "workspace": ".",
            "sequence": 0
          },
          "items": [ { "kind": "input", "path": "parser-example.reml" } ]
        }
      },
      "expected": {
        "locale_args": [ "else", ")", "," ],
        "humanized": "ここで`else`、`)` または `,`のいずれかが必要です",
        "message_key": "parse.expected",
        "alternatives": [
          { "kind": "keyword", "value": "else" },
          { "kind": "token", "value": ")" },
          { "kind": "token", "value": "," }
        ]
      }
    }
  ]
}
