{
  "run_config": {
    "switches": {
      "require_eof": false,
      "packrat": false,
      "left_recursion": "auto",
      "trace": false,
      "merge_warnings": true,
      "legacy_result": false
    },
    "extensions": {
      "stream": {
        "enabled": true,
        "checkpoint": "unit-test",
        "resume_hint": "resume-token",
        "demand_min_bytes": 4,
        "demand_preferred_bytes": 8,
        "chunk_size": 1024,
        "flow": {
          "policy": "auto",
          "backpressure": {
            "max_lag_bytes": 8192,
            "debounce_ms": 10,
            "throttle_ratio": 0.75
          }
        }
      }
    }
  },
  "parse_result": {
    "recovered": false,
    "consumed": true,
    "committed": false,
    "packrat_stats": {
      "queries": 0,
      "hits": 0
    }
  },
  "stream_meta": {
    "bytes_consumed": 42,
    "chunks_consumed": 2,
    "await_count": 1,
    "resume_count": 1,
    "last_reason": "pending.backpressure",
    "memo_bytes": 0,
    "backpressure_policy": "auto",
    "backpressure_events": 1
  },
  "continuation_meta": {
    "commit_watermark": 42,
    "buffered_bytes": 42,
    "resume_hint": {
      "action": "Pause",
      "min_bytes": 4,
      "preferred_bytes": 8,
      "resume_hint": "resume-token",
      "reason": "pending.backpressure"
    },
    "expected_tokens": [],
    "last_checkpoint": null,
    "resume_lineage": [
      "pending.backpressure"
    ]
  },
  "diagnostics": [],
  "baseline": {
    "parse_result": {
      "recovered": false,
      "consumed": true,
      "committed": false,
      "packrat_stats": {
        "queries": 0,
        "hits": 0
      }
    },
    "stream_meta": {
      "bytes_consumed": 42,
      "chunks_consumed": 2,
      "await_count": 1,
      "resume_count": 1,
      "last_reason": "pending.backpressure",
      "memo_bytes": 0,
      "backpressure_policy": "auto",
      "backpressure_events": 1
    },
    "diagnostics": []
  }
}
